eeschema (2013-07-07 BZR 4022)-stable  >> Creation date: 8/1/2014 1:43:53 PM
#Cmp ( order = Reference )
| ANT1       ANTENNA     ; FR05        ;             ;             ;             ;             ;             ;             ;             ;             
| C1         10u         ; SM0805      ; 12          ;             ;             ;             ;             ;             ;             ;             
| C2         1u          ; SM0402_c    ; 5           ;             ;             ;             ;             ;             ;             ;             
| C3         4u7         ; SM0805      ; 3.3         ;             ;             ;             ;             ;             ;             ;             
| C4         47p         ; SM0402_c    ;             ;             ;             ;             ;             ;             ;             ;             
| C5         47p         ; SM0402_c    ;             ;             ;             ;             ;             ;             ;             ;             
| C6         22u         ; SM0805      ; 3.3         ;             ;             ;             ;             ;             ;             ;             
| C7         12p         ; SM0402_c    ;             ;             ;             ;             ;             ;             ;             ;             
| C8         22p         ; SM0402_c    ;             ;             ;             ;             ;             ;             ;             ;             
| C9         1u          ; SM0402_c    ;             ;             ;             ;             ;             ;             ;             ;             
| C10        1u          ; SM0402_c    ;             ;             ;             ;             ;             ;             ;             ;             
| C11        12p         ; SM0402_c    ;             ;             ;             ;             ;             ;             ;             ;             
| C12        22p         ; SM0402_c    ;             ;             ;             ;             ;             ;             ;             ;             
| C13        1n          ; SM0402_c    ;             ;             ;             ;             ;             ;             ;             ;             
| C14        1u          ; SM0402_c    ;             ;             ;             ;             ;             ;             ;             ;             
| C15        100n        ; SM0402_c    ;             ;             ;             ;             ;             ;             ;             ;             
| C16        100n        ; SM0402_c    ;             ;             ;             ;             ;             ;             ;             ;             
| C17        100n        ; SM0402_c    ;             ;             ;             ;             ;             ;             ;             ;             
| C18        100n        ; SM0402_c    ;             ;             ;             ;             ;             ;             ;             ;             
| C19        100n        ; SM0402_c    ;             ;             ;             ;             ;             ;             ;             ;             
| C20        100n        ; SM0402_c    ;             ;             ;             ;             ;             ;             ;             ;             
| C21        100n        ; SM0402_c    ;             ;             ;             ;             ;             ;             ;             ;             
| C22        220p        ; SM0402_c    ;             ;             ;             ;             ;             ;             ;             ;             
| CON1       USB-MICRO-B ; conn_usb_B_micro_smd;             ;             ;             ;             ;             ;             ;             ;             
| D1         LOK         ; LED-0603    ;             ;             ;             ;             ;             ;             ;             ;             
| D2         L2          ; LED-0603    ;             ;             ;             ;             ;             ;             ;             ;             
| D3         L1          ; LED-0603    ;             ;             ;             ;             ;             ;             ;             ;             
| D4         L0          ; LED-0603    ;             ;             ;             ;             ;             ;             ;             ;             
| J2         XBEE        ; XBee        ;             ;             ;             ;             ;             ;             ;             ;             
| j9         JTAG        ; pin_socket_2mm_7;             ;             ;             ;             ;             ;             ;             ;             
| L1         2u2         ; SM1206      ;             ;             ;             ;             ;             ;             ;             ;             
| P1         CONN_2      ; PIN_ARRAY_2X1;             ;             ;             ;             ;             ;             ;             ;             
| R1         1k5         ; SM0402_r    ;             ;             ;             ;             ;             ;             ;             ;             
| R2         33          ; SM0402_r    ;             ;             ;             ;             ;             ;             ;             ;             
| R3         33          ; SM0402_r    ;             ;             ;             ;             ;             ;             ;             ;             
| R4         100k        ; SM0402_r    ;             ;             ;             ;             ;             ;             ;             ;             
| R5         56k         ; SM0402_r    ;             ;             ;             ;             ;             ;             ;             ;             
| R6         2k2         ; SM0402_r    ;             ;             ;             ;             ;             ;             ;             ;             
| R7         82          ; SM0402_r    ;             ;             ;             ;             ;             ;             ;             ;             
| R8         68          ; SM0402_r    ;             ;             ;             ;             ;             ;             ;             ;             
| R9         68          ; SM0402_r    ;             ;             ;             ;             ;             ;             ;             ;             
| R10        68          ; SM0402_r    ;             ;             ;             ;             ;             ;             ;             ;             
| SW1        JS102011SCQN; SWITCH-3    ;             ;             ;             ;             ;             ;             ;             ;             
| TR1        BALUN_2450BM15A0002; BALUM_2450BM15A0002;             ;             ;             ;             ;             ;             ;             ;             
| U1         TPS769XX    ; SOT23-5     ;             ;             ;             ;             ;             ;             ;             ;             
| U2         TPS6217X    ; wson        ;             ;             ;             ;             ;             ;             ;             ;             
| U3         CC2538      ; QFN-56+1    ;             ;             ;             ;             ;             ;             ;             ;             
| X1         32MHZ       ; ABM8        ;             ;             ;             ;             ;             ;             ;             ;             
| X2         32.768KHz   ; ABS07       ;             ;             ;             ;             ;             ;             ;             ;             
#End Cmp

#Cmp ( order = Value )
| ANTENNA      ANT1      ; FR05        ;             ;             ;             ;             ;             ;             ;             ;             
| 12p          C7        ; SM0402_c    ;             ;             ;             ;             ;             ;             ;             ;             
| 12p          C11       ; SM0402_c    ;             ;             ;             ;             ;             ;             ;             ;             
| 22p          C8        ; SM0402_c    ;             ;             ;             ;             ;             ;             ;             ;             
| 22p          C12       ; SM0402_c    ;             ;             ;             ;             ;             ;             ;             ;             
| 47p          C4        ; SM0402_c    ;             ;             ;             ;             ;             ;             ;             ;             
| 47p          C5        ; SM0402_c    ;             ;             ;             ;             ;             ;             ;             ;             
| 220p         C22       ; SM0402_c    ;             ;             ;             ;             ;             ;             ;             ;             
| 1n           C13       ; SM0402_c    ;             ;             ;             ;             ;             ;             ;             ;             
| 100n         C15       ; SM0402_c    ;             ;             ;             ;             ;             ;             ;             ;             
| 100n         C16       ; SM0402_c    ;             ;             ;             ;             ;             ;             ;             ;             
| 100n         C17       ; SM0402_c    ;             ;             ;             ;             ;             ;             ;             ;             
| 100n         C18       ; SM0402_c    ;             ;             ;             ;             ;             ;             ;             ;             
| 100n         C19       ; SM0402_c    ;             ;             ;             ;             ;             ;             ;             ;             
| 100n         C20       ; SM0402_c    ;             ;             ;             ;             ;             ;             ;             ;             
| 100n         C21       ; SM0402_c    ;             ;             ;             ;             ;             ;             ;             ;             
| 1u           C2        ; SM0402_c    ; 5           ;             ;             ;             ;             ;             ;             ;             
| 1u           C9        ; SM0402_c    ;             ;             ;             ;             ;             ;             ;             ;             
| 1u           C10       ; SM0402_c    ;             ;             ;             ;             ;             ;             ;             ;             
| 1u           C14       ; SM0402_c    ;             ;             ;             ;             ;             ;             ;             ;             
| 4u7          C3        ; SM0805      ; 3.3         ;             ;             ;             ;             ;             ;             ;             
| 10u          C1        ; SM0805      ; 12          ;             ;             ;             ;             ;             ;             ;             
| 22u          C6        ; SM0805      ; 3.3         ;             ;             ;             ;             ;             ;             ;             
| USB-MICRO-B  CON1      ; conn_usb_B_micro_smd;             ;             ;             ;             ;             ;             ;             ;             
| LOK          D1        ; LED-0603    ;             ;             ;             ;             ;             ;             ;             ;             
| L2           D2        ; LED-0603    ;             ;             ;             ;             ;             ;             ;             ;             
| L1           D3        ; LED-0603    ;             ;             ;             ;             ;             ;             ;             ;             
| L0           D4        ; LED-0603    ;             ;             ;             ;             ;             ;             ;             ;             
| JTAG         j9        ; pin_socket_2mm_7;             ;             ;             ;             ;             ;             ;             ;             
| XBEE         J2        ; XBee        ;             ;             ;             ;             ;             ;             ;             ;             
| 2u2          L1        ; SM1206      ;             ;             ;             ;             ;             ;             ;             ;             
| CONN_2       P1        ; PIN_ARRAY_2X1;             ;             ;             ;             ;             ;             ;             ;             
| 33           R2        ; SM0402_r    ;             ;             ;             ;             ;             ;             ;             ;             
| 33           R3        ; SM0402_r    ;             ;             ;             ;             ;             ;             ;             ;             
| 68           R8        ; SM0402_r    ;             ;             ;             ;             ;             ;             ;             ;             
| 68           R9        ; SM0402_r    ;             ;             ;             ;             ;             ;             ;             ;             
| 68           R10       ; SM0402_r    ;             ;             ;             ;             ;             ;             ;             ;             
| 82           R7        ; SM0402_r    ;             ;             ;             ;             ;             ;             ;             ;             
| 1k5          R1        ; SM0402_r    ;             ;             ;             ;             ;             ;             ;             ;             
| 2k2          R6        ; SM0402_r    ;             ;             ;             ;             ;             ;             ;             ;             
| 56k          R5        ; SM0402_r    ;             ;             ;             ;             ;             ;             ;             ;             
| 100k         R4        ; SM0402_r    ;             ;             ;             ;             ;             ;             ;             ;             
| JS102011SCQN SW1       ; SWITCH-3    ;             ;             ;             ;             ;             ;             ;             ;             
| BALUN_2450BM15A0002 TR1       ; BALUM_2450BM15A0002;             ;             ;             ;             ;             ;             ;             ;             
| CC2538       U3        ; QFN-56+1    ;             ;             ;             ;             ;             ;             ;             ;             
| TPS769XX     U1        ; SOT23-5     ;             ;             ;             ;             ;             ;             ;             ;             
| TPS6217X     U2        ; wson        ;             ;             ;             ;             ;             ;             ;             ;             
| 32.768KHz    X2        ; ABS07       ;             ;             ;             ;             ;             ;             ;             ;             
| 32MHZ        X1        ; ABM8        ;             ;             ;             ;             ;             ;             ;             ;             
#End Cmp

#End List
